/home/sofia/ros2_ws/src/ch_6/birria_team/install/challenge_6/lib/python3.10/site-packages/challenge_6/camera_node.py
/home/sofia/ros2_ws/src/ch_6/birria_team/install/challenge_6/lib/python3.10/site-packages/challenge_6/line_node.py
/home/sofia/ros2_ws/src/ch_6/birria_team/install/challenge_6/lib/python3.10/site-packages/challenge_6/vision.py
/home/sofia/ros2_ws/src/ch_6/birria_team/install/challenge_6/lib/python3.10/site-packages/challenge_6/odometry_node.py
/home/sofia/ros2_ws/src/ch_6/birria_team/install/challenge_6/lib/python3.10/site-packages/challenge_6/pid_challenge6.py
/home/sofia/ros2_ws/src/ch_6/birria_team/install/challenge_6/lib/python3.10/site-packages/challenge_6/__init__.py
/home/sofia/ros2_ws/src/ch_6/birria_team/install/challenge_6/lib/python3.10/site-packages/challenge_6/hough_node.py
/home/sofia/ros2_ws/src/ch_6/birria_team/install/challenge_6/lib/python3.10/site-packages/challenge_6/__pycache__/camera_node.cpython-310.pyc
/home/sofia/ros2_ws/src/ch_6/birria_team/install/challenge_6/lib/python3.10/site-packages/challenge_6/__pycache__/line_node.cpython-310.pyc
/home/sofia/ros2_ws/src/ch_6/birria_team/install/challenge_6/lib/python3.10/site-packages/challenge_6/__pycache__/vision.cpython-310.pyc
/home/sofia/ros2_ws/src/ch_6/birria_team/install/challenge_6/lib/python3.10/site-packages/challenge_6/__pycache__/odometry_node.cpython-310.pyc
/home/sofia/ros2_ws/src/ch_6/birria_team/install/challenge_6/lib/python3.10/site-packages/challenge_6/__pycache__/pid_challenge6.cpython-310.pyc
/home/sofia/ros2_ws/src/ch_6/birria_team/install/challenge_6/lib/python3.10/site-packages/challenge_6/__pycache__/__init__.cpython-310.pyc
/home/sofia/ros2_ws/src/ch_6/birria_team/install/challenge_6/lib/python3.10/site-packages/challenge_6/__pycache__/hough_node.cpython-310.pyc
/home/sofia/ros2_ws/src/ch_6/birria_team/install/challenge_6/share/ament_index/resource_index/packages/challenge_6
/home/sofia/ros2_ws/src/ch_6/birria_team/install/challenge_6/share/challenge_6/package.xml
/home/sofia/ros2_ws/src/ch_6/birria_team/install/challenge_6/share/challenge_6/launch
/home/sofia/ros2_ws/src/ch_6/birria_team/install/challenge_6/lib/python3.10/site-packages/challenge_6-0.0.0-py3.10.egg-info/dependency_links.txt
/home/sofia/ros2_ws/src/ch_6/birria_team/install/challenge_6/lib/python3.10/site-packages/challenge_6-0.0.0-py3.10.egg-info/PKG-INFO
/home/sofia/ros2_ws/src/ch_6/birria_team/install/challenge_6/lib/python3.10/site-packages/challenge_6-0.0.0-py3.10.egg-info/SOURCES.txt
/home/sofia/ros2_ws/src/ch_6/birria_team/install/challenge_6/lib/python3.10/site-packages/challenge_6-0.0.0-py3.10.egg-info/entry_points.txt
/home/sofia/ros2_ws/src/ch_6/birria_team/install/challenge_6/lib/python3.10/site-packages/challenge_6-0.0.0-py3.10.egg-info/zip-safe
/home/sofia/ros2_ws/src/ch_6/birria_team/install/challenge_6/lib/python3.10/site-packages/challenge_6-0.0.0-py3.10.egg-info/requires.txt
/home/sofia/ros2_ws/src/ch_6/birria_team/install/challenge_6/lib/python3.10/site-packages/challenge_6-0.0.0-py3.10.egg-info/top_level.txt
/home/sofia/ros2_ws/src/ch_6/birria_team/install/challenge_6/lib/challenge_6/camera_node
/home/sofia/ros2_ws/src/ch_6/birria_team/install/challenge_6/lib/challenge_6/hough_node
/home/sofia/ros2_ws/src/ch_6/birria_team/install/challenge_6/lib/challenge_6/line_node
/home/sofia/ros2_ws/src/ch_6/birria_team/install/challenge_6/lib/challenge_6/odometry_node
/home/sofia/ros2_ws/src/ch_6/birria_team/install/challenge_6/lib/challenge_6/pid_challenge6
/home/sofia/ros2_ws/src/ch_6/birria_team/install/challenge_6/lib/challenge_6/vision
