running egg_info
creating build/birria_team/birria_team.egg-info
writing build/birria_team/birria_team.egg-info/PKG-INFO
writing dependency_links to build/birria_team/birria_team.egg-info/dependency_links.txt
writing entry points to build/birria_team/birria_team.egg-info/entry_points.txt
writing requirements to build/birria_team/birria_team.egg-info/requires.txt
writing top-level names to build/birria_team/birria_team.egg-info/top_level.txt
writing manifest file 'build/birria_team/birria_team.egg-info/SOURCES.txt'
reading manifest file 'build/birria_team/birria_team.egg-info/SOURCES.txt'
writing manifest file 'build/birria_team/birria_team.egg-info/SOURCES.txt'
running build
running build_py
creating /home/adrian/birria_team/birria_team/build/birria_team/build
creating /home/adrian/birria_team/birria_team/build/birria_team/build/lib
creating /home/adrian/birria_team/birria_team/build/birria_team/build/lib/birria_team
copying birria_team/__init__.py -> /home/adrian/birria_team/birria_team/build/birria_team/build/lib/birria_team
copying birria_team/figure_node.py -> /home/adrian/birria_team/birria_team/build/birria_team/build/lib/birria_team
copying birria_team/square_node.py -> /home/adrian/birria_team/birria_team/build/birria_team/build/lib/birria_team
running install
running install_lib
creating /home/adrian/birria_team/birria_team/install/birria_team/lib/python3.10/site-packages/birria_team
copying /home/adrian/birria_team/birria_team/build/birria_team/build/lib/birria_team/__init__.py -> /home/adrian/birria_team/birria_team/install/birria_team/lib/python3.10/site-packages/birria_team
copying /home/adrian/birria_team/birria_team/build/birria_team/build/lib/birria_team/figure_node.py -> /home/adrian/birria_team/birria_team/install/birria_team/lib/python3.10/site-packages/birria_team
copying /home/adrian/birria_team/birria_team/build/birria_team/build/lib/birria_team/square_node.py -> /home/adrian/birria_team/birria_team/install/birria_team/lib/python3.10/site-packages/birria_team
byte-compiling /home/adrian/birria_team/birria_team/install/birria_team/lib/python3.10/site-packages/birria_team/__init__.py to __init__.cpython-310.pyc
byte-compiling /home/adrian/birria_team/birria_team/install/birria_team/lib/python3.10/site-packages/birria_team/figure_node.py to figure_node.cpython-310.pyc
byte-compiling /home/adrian/birria_team/birria_team/install/birria_team/lib/python3.10/site-packages/birria_team/square_node.py to square_node.cpython-310.pyc
running install_data
creating /home/adrian/birria_team/birria_team/install/birria_team/share/ament_index
creating /home/adrian/birria_team/birria_team/install/birria_team/share/ament_index/resource_index
creating /home/adrian/birria_team/birria_team/install/birria_team/share/ament_index/resource_index/packages
copying resource/birria_team -> /home/adrian/birria_team/birria_team/install/birria_team/share/ament_index/resource_index/packages
copying package.xml -> /home/adrian/birria_team/birria_team/install/birria_team/share/birria_team
running install_egg_info
Copying build/birria_team/birria_team.egg-info to /home/adrian/birria_team/birria_team/install/birria_team/lib/python3.10/site-packages/birria_team-0.0.0-py3.10.egg-info
running install_scripts
writing list of installed files to '/home/adrian/birria_team/birria_team/build/birria_team/install.log'
