[0.350s] Invoking command in '/home/adrian/birria_team/birria_team': PYTHONPATH=/home/adrian/birria_team/birria_team/build/birria_team/prefix_override:/usr/lib/python3/dist-packages/colcon_core/task/python/colcon_distutils_commands:/home/adrian/birria_team/birria_team/install/birria_team/lib/python3.10/site-packages:${PYTHONPATH} /usr/bin/python3 -W ignore:setup.py install is deprecated -W ignore:easy_install command is deprecated setup.py egg_info --egg-base build/birria_team build --build-base /home/adrian/birria_team/birria_team/build/birria_team/build install --record /home/adrian/birria_team/birria_team/build/birria_team/install.log --single-version-externally-managed install_data
[0.483s] running egg_info
[0.483s] writing build/birria_team/birria_team.egg-info/PKG-INFO
[0.483s] writing dependency_links to build/birria_team/birria_team.egg-info/dependency_links.txt
[0.483s] writing entry points to build/birria_team/birria_team.egg-info/entry_points.txt
[0.483s] writing requirements to build/birria_team/birria_team.egg-info/requires.txt
[0.483s] writing top-level names to build/birria_team/birria_team.egg-info/top_level.txt
[0.484s] reading manifest file 'build/birria_team/birria_team.egg-info/SOURCES.txt'
[0.485s] writing manifest file 'build/birria_team/birria_team.egg-info/SOURCES.txt'
[0.485s] running build
[0.485s] running build_py
[0.485s] running install
[0.485s] running install_lib
[0.486s] running install_data
[0.486s] running install_egg_info
[0.487s] removing '/home/adrian/birria_team/birria_team/install/birria_team/lib/python3.10/site-packages/birria_team-0.0.0-py3.10.egg-info' (and everything under it)
[0.487s] Copying build/birria_team/birria_team.egg-info to /home/adrian/birria_team/birria_team/install/birria_team/lib/python3.10/site-packages/birria_team-0.0.0-py3.10.egg-info
[0.487s] running install_scripts
[0.499s] Installing extra script to /home/adrian/birria_team/birria_team/install/birria_team/lib/birria_team
[0.499s] Installing simple script to /home/adrian/birria_team/birria_team/install/birria_team/lib/birria_team
[0.499s] writing list of installed files to '/home/adrian/birria_team/birria_team/build/birria_team/install.log'
[0.513s] Invoked command in '/home/adrian/birria_team/birria_team' returned '0': PYTHONPATH=/home/adrian/birria_team/birria_team/build/birria_team/prefix_override:/usr/lib/python3/dist-packages/colcon_core/task/python/colcon_distutils_commands:/home/adrian/birria_team/birria_team/install/birria_team/lib/python3.10/site-packages:${PYTHONPATH} /usr/bin/python3 -W ignore:setup.py install is deprecated -W ignore:easy_install command is deprecated setup.py egg_info --egg-base build/birria_team build --build-base /home/adrian/birria_team/birria_team/build/birria_team/build install --record /home/adrian/birria_team/birria_team/build/birria_team/install.log --single-version-externally-managed install_data
